c:\users\marsh\onedrive\documents\github\eq_server\extras\classless-dll-main\eqgame_dll\release\mq2cleanui.obj
c:\users\marsh\onedrive\documents\github\eq_server\extras\classless-dll-main\eqgame_dll\release\mq2floatingtext.obj
c:\users\marsh\onedrive\documents\github\eq_server\extras\classless-dll-main\eqgame_dll\release\mq2labels.obj
c:\users\marsh\onedrive\documents\github\eq_server\extras\classless-dll-main\eqgame_dll\release\hooks.obj
c:\users\marsh\onedrive\documents\github\eq_server\extras\classless-dll-main\eqgame_dll\release\mq2map.obj
c:\users\marsh\onedrive\documents\github\eq_server\extras\classless-dll-main\eqgame_dll\release\mq2pulse.obj
c:\users\marsh\onedrive\documents\github\eq_server\extras\classless-dll-main\eqgame_dll\release\sprite.obj
c:\users\marsh\onedrive\documents\github\eq_server\extras\classless-dll-main\eqgame_dll\release\mq2parseapi.obj
c:\users\marsh\onedrive\documents\github\eq_server\extras\classless-dll-main\eqgame_dll\release\floatingtextmanager.obj
c:\users\marsh\onedrive\documents\github\eq_server\extras\classless-dll-main\eqgame_dll\release\mq2mouse.obj
c:\users\marsh\onedrive\documents\github\eq_server\extras\classless-dll-main\eqgame_dll\release\mq2mapcommands.obj
c:\users\marsh\onedrive\documents\github\eq_server\extras\classless-dll-main\eqgame_dll\release\mq2utilities.obj
c:\users\marsh\onedrive\documents\github\eq_server\extras\classless-dll-main\eqgame_dll\release\mq2commands.obj
c:\users\marsh\onedrive\documents\github\eq_server\extras\classless-dll-main\eqgame_dll\release\mq2windows.obj
c:\users\marsh\onedrive\documents\github\eq_server\extras\classless-dll-main\eqgame_dll\release\mq2data.obj
c:\users\marsh\onedrive\documents\github\eq_server\extras\classless-dll-main\eqgame_dll\release\eqgame.obj
c:\users\marsh\onedrive\documents\github\eq_server\extras\classless-dll-main\eqgame_dll\release\mq2pluginhandler.obj
c:\users\marsh\onedrive\documents\github\eq_server\extras\classless-dll-main\eqgame_dll\release\mq2advdps.obj
c:\users\marsh\onedrive\documents\github\eq_server\extras\classless-dll-main\eqgame_dll\release\mq2globals.obj
c:\users\marsh\onedrive\documents\github\eq_server\extras\classless-dll-main\eqgame_dll\release\mq2commandapi.obj
c:\users\marsh\onedrive\documents\github\eq_server\extras\classless-dll-main\eqgame_dll\release\mq2spawns.obj
c:\users\marsh\onedrive\documents\github\eq_server\extras\classless-dll-main\eqgame_dll\release\text.obj
c:\users\marsh\onedrive\documents\github\eq_server\extras\classless-dll-main\eqgame_dll\release\eqclasses.obj
c:\users\marsh\onedrive\documents\github\eq_server\extras\classless-dll-main\eqgame_dll\release\mq2chathook.obj
c:\users\marsh\onedrive\documents\github\eq_server\extras\classless-dll-main\eqgame_dll\release\mq2detourapi.obj
c:\users\marsh\onedrive\documents\github\eq_server\extras\classless-dll-main\eqgame_dll\release\mq2itemdisplay.obj
c:\users\marsh\onedrive\documents\github\eq_server\extras\classless-dll-main\eqgame_dll\release\mq2datatypes.obj
c:\users\marsh\onedrive\documents\github\eq_server\extras\classless-dll-main\eqgame_dll\release\mq2macrocommands.obj
c:\users\marsh\onedrive\documents\github\eq_server\extras\classless-dll-main\eqgame_dll\release\mq2dataapi.obj
c:\users\marsh\onedrive\documents\github\eq_server\extras\classless-dll-main\eqgame_dll\release\mq2mapapi.obj
c:\users\marsh\onedrive\documents\github\eq_server\extras\classless-dll-main\eqgame_dll\release\mq2mmodps.obj
c:\users\marsh\onedrive\documents\github\eq_server\extras\classless-dll-main\eqgame_dll\release\mq2datavars.obj
c:\users\marsh\onedrive\documents\github\eq_server\extras\classless-dll-main\eqgame_dll\release\idirectinput8hook.obj
c:\users\marsh\onedrive\documents\github\eq_server\extras\classless-dll-main\eqgame_dll\release\iclassfactory.obj
c:\users\marsh\onedrive\documents\github\eq_server\extras\classless-dll-main\eqgame_dll\release\eqfunctiondetours.obj
c:\users\marsh\onedrive\documents\github\eq_server\extras\classless-dll-main\eqgame_dll\release\idirectinputdevice8a.obj
c:\users\marsh\onedrive\documents\github\eq_server\extras\classless-dll-main\eqgame_dll\release\idirectinputeffect.obj
c:\users\marsh\onedrive\documents\github\eq_server\extras\classless-dll-main\eqgame_dll\release\detoursapi.obj
c:\users\marsh\onedrive\documents\github\eq_server\extras\classless-dll-main\eqgame_dll\release\idirectinputdevice8hook.obj
c:\users\marsh\onedrive\documents\github\eq_server\extras\classless-dll-main\eqgame_dll\release\idirectinputenumeffect.obj
c:\users\marsh\onedrive\documents\github\eq_server\extras\classless-dll-main\eqgame_dll\release\idirectinputenumdevice.obj
c:\users\marsh\onedrive\documents\github\eq_server\extras\classless-dll-main\eqgame_dll\release\idirectinput8a.obj
c:\users\marsh\onedrive\documents\github\eq_server\extras\classless-dll-main\eqgame_dll\release\fpslimit.obj
c:\users\marsh\onedrive\documents\github\eq_server\extras\classless-dll-main\eqgame_dll\release\idirectinputdevice8w.obj
c:\users\marsh\onedrive\documents\github\eq_server\extras\classless-dll-main\eqgame_dll\release\equtils.obj
c:\users\marsh\onedrive\documents\github\eq_server\extras\classless-dll-main\eqgame_dll\release\interfacequery.obj
c:\users\marsh\onedrive\documents\github\eq_server\extras\classless-dll-main\eqgame_dll\release\idirectinput8w.obj
c:\users\marsh\onedrive\documents\github\eq_server\extras\classless-dll-main\eqgame_dll\release\vc143.pdb
c:\users\marsh\onedrive\documents\github\eq_server\extras\classless-dll-main\release\dinput8.dll
c:\users\marsh\onedrive\documents\github\eq_server\extras\classless-dll-main\release\dinput8.pdb
c:\users\marsh\onedrive\documents\github\eq_server\extras\classless-dll-main\release\dinput8.lib
c:\users\marsh\onedrive\documents\github\eq_server\extras\classless-dll-main\release\dinput8.exp
c:\users\marsh\onedrive\documents\github\eq_server\extras\classless-dll-main\eqgame_dll\release\dinput8.exp
c:\users\marsh\onedrive\documents\github\eq_server\extras\classless-dll-main\eqgame_dll\release\dinput8.pdb
c:\users\marsh\onedrive\documents\github\eq_server\extras\classless-dll-main\eqgame_dll\release\eqgame_dll_rof2.tlog\cl.12324.write.1.tlog
c:\users\marsh\onedrive\documents\github\eq_server\extras\classless-dll-main\eqgame_dll\release\eqgame_dll_rof2.tlog\cl.command.1.tlog
c:\users\marsh\onedrive\documents\github\eq_server\extras\classless-dll-main\eqgame_dll\release\eqgame_dll_rof2.tlog\cl.items.tlog
c:\users\marsh\onedrive\documents\github\eq_server\extras\classless-dll-main\eqgame_dll\release\eqgame_dll_rof2.tlog\cl.read.1.tlog
c:\users\marsh\onedrive\documents\github\eq_server\extras\classless-dll-main\eqgame_dll\release\eqgame_dll_rof2.tlog\link.command.1.tlog
c:\users\marsh\onedrive\documents\github\eq_server\extras\classless-dll-main\eqgame_dll\release\eqgame_dll_rof2.tlog\link.read.1.tlog
c:\users\marsh\onedrive\documents\github\eq_server\extras\classless-dll-main\eqgame_dll\release\eqgame_dll_rof2.tlog\link.secondary.1.tlog
c:\users\marsh\onedrive\documents\github\eq_server\extras\classless-dll-main\eqgame_dll\release\eqgame_dll_rof2.tlog\link.write.1.tlog
